22:49:04.845892 IP (tos 0x0, ttl 64, id 0, offset 0, flags [DF], proto TCP (6), length 64, bad cksum 0 (->3cb6)!)
    localhost.61798 > localhost.pcsync-https: Flags [S], cksum 0xfe34 (incorrect -> 0xa557), seq 932762453, win 65535, options [mss 16344,nop,wscale 6,nop,nop,TS val 2500437796 ecr 0,sackOK,eol], length 0
22:49:04.846113 IP (tos 0x0, ttl 64, id 0, offset 0, flags [DF], proto TCP (6), length 64, bad cksum 0 (->3cb6)!)
    localhost.pcsync-https > localhost.61798: Flags [S.], cksum 0xfe34 (incorrect -> 0x83ca), seq 1549467814, ack 932762454, win 65535, options [mss 16344,nop,wscale 6,nop,nop,TS val 2532388233 ecr 2500437796,sackOK,eol], length 0
22:49:04.846177 IP (tos 0x0, ttl 64, id 0, offset 0, flags [DF], proto TCP (6), length 52, bad cksum 0 (->3cc2)!)
    localhost.61798 > localhost.pcsync-https: Flags [.], cksum 0xfe28 (incorrect -> 0xe4d2), ack 1, win 6380, options [nop,nop,TS val 2500437796 ecr 2532388233], length 0
22:49:04.846217 IP (tos 0x0, ttl 64, id 0, offset 0, flags [DF], proto TCP (6), length 52, bad cksum 0 (->3cc2)!)
    localhost.pcsync-https > localhost.61798: Flags [.], cksum 0xfe28 (incorrect -> 0xe4d2), ack 1, win 6380, options [nop,nop,TS val 2532388233 ecr 2500437796], length 0
22:49:04.846432 IP (tos 0x0, ttl 64, id 0, offset 0, flags [DF], proto TCP (6), length 353, bad cksum 0 (->3b95)!)
    localhost.61798 > localhost.pcsync-https: Flags [P.], cksum 0xff55 (incorrect -> 0xf498), seq 1:302, ack 1, win 6380, options [nop,nop,TS val 2500437796 ecr 2532388233], length 301
22:49:04.846509 IP (tos 0x0, ttl 64, id 0, offset 0, flags [DF], proto TCP (6), length 52, bad cksum 0 (->3cc2)!)
    localhost.pcsync-https > localhost.61798: Flags [.], cksum 0xfe28 (incorrect -> 0xe3a9), ack 302, win 6376, options [nop,nop,TS val 2532388233 ecr 2500437796], length 0
22:49:04.870232 IP (tos 0x0, ttl 64, id 0, offset 0, flags [DF], proto TCP (6), length 2223, bad cksum 0 (->3447)!)
    localhost.pcsync-https > localhost.61798: Flags [P.], cksum 0x06a4 (incorrect -> 0xdb50), seq 1:2172, ack 302, win 6376, options [nop,nop,TS val 2532388257 ecr 2500437796], length 2171
22:49:04.870355 IP (tos 0x0, ttl 64, id 0, offset 0, flags [DF], proto TCP (6), length 52, bad cksum 0 (->3cc2)!)
    localhost.61798 > localhost.pcsync-https: Flags [.], cksum 0xfe28 (incorrect -> 0xdb1b), ack 2172, win 6347, options [nop,nop,TS val 2500437820 ecr 2532388257], length 0
22:49:04.872658 IP (tos 0x0, ttl 64, id 0, offset 0, flags [DF], proto TCP (6), length 58, bad cksum 0 (->3cbc)!)
    localhost.61798 > localhost.pcsync-https: Flags [P.], cksum 0xfe2e (incorrect -> 0xc306), seq 302:308, ack 2172, win 6347, options [nop,nop,TS val 2500437823 ecr 2532388257], length 6
22:49:04.872673 IP (tos 0x0, ttl 64, id 0, offset 0, flags [DF], proto TCP (6), length 110, bad cksum 0 (->3c88)!)
    localhost.61798 > localhost.pcsync-https: Flags [P.], cksum 0xfe62 (incorrect -> 0xe911), seq 308:366, ack 2172, win 6347, options [nop,nop,TS val 2500437823 ecr 2532388257], length 58
22:49:04.872719 IP (tos 0x0, ttl 64, id 0, offset 0, flags [DF], proto TCP (6), length 52, bad cksum 0 (->3cc2)!)
    localhost.pcsync-https > localhost.61798: Flags [.], cksum 0xfe28 (incorrect -> 0xdaf2), ack 308, win 6376, options [nop,nop,TS val 2532388260 ecr 2500437823], length 0
22:49:04.872747 IP (tos 0x0, ttl 64, id 0, offset 0, flags [DF], proto TCP (6), length 52, bad cksum 0 (->3cc2)!)
    localhost.pcsync-https > localhost.61798: Flags [.], cksum 0xfe28 (incorrect -> 0xdab8), ack 366, win 6376, options [nop,nop,TS val 2532388260 ecr 2500437823], length 0
22:49:04.872866 IP (tos 0x0, ttl 64, id 0, offset 0, flags [DF], proto TCP (6), length 151, bad cksum 0 (->3c5f)!)
    localhost.61798 > localhost.pcsync-https: Flags [P.], cksum 0xfe8b (incorrect -> 0xbf7a), seq 366:465, ack 2172, win 6347, options [nop,nop,TS val 2500437823 ecr 2532388260], length 99
22:49:04.872912 IP (tos 0x0, ttl 64, id 0, offset 0, flags [DF], proto TCP (6), length 52, bad cksum 0 (->3cc2)!)
    localhost.pcsync-https > localhost.61798: Flags [.], cksum 0xfe28 (incorrect -> 0xda56), ack 465, win 6375, options [nop,nop,TS val 2532388260 ecr 2500437823], length 0
22:49:04.872973 IP (tos 0x0, ttl 64, id 0, offset 0, flags [DF], proto TCP (6), length 156, bad cksum 0 (->3c5a)!)
    localhost.pcsync-https > localhost.61798: Flags [P.], cksum 0xfe90 (incorrect -> 0x13c1), seq 2172:2276, ack 465, win 6375, options [nop,nop,TS val 2532388260 ecr 2500437823], length 104
22:49:04.872993 IP (tos 0x0, ttl 64, id 0, offset 0, flags [DF], proto TCP (6), length 52, bad cksum 0 (->3cc2)!)
    localhost.pcsync-https > localhost.61798: Flags [F.], cksum 0xfe28 (incorrect -> 0xd9ed), seq 2276, ack 465, win 6375, options [nop,nop,TS val 2532388260 ecr 2500437823], length 0
22:49:04.873005 IP (tos 0x0, ttl 64, id 0, offset 0, flags [DF], proto TCP (6), length 52, bad cksum 0 (->3cc2)!)
    localhost.61798 > localhost.pcsync-https: Flags [.], cksum 0xfe28 (incorrect -> 0xda0b), ack 2276, win 6346, options [nop,nop,TS val 2500437823 ecr 2532388260], length 0
22:49:04.873028 IP (tos 0x0, ttl 64, id 0, offset 0, flags [DF], proto TCP (6), length 52, bad cksum 0 (->3cc2)!)
    localhost.61798 > localhost.pcsync-https: Flags [.], cksum 0xfe28 (incorrect -> 0xda0a), ack 2277, win 6346, options [nop,nop,TS val 2500437823 ecr 2532388260], length 0
22:49:04.873336 IP (tos 0x0, ttl 64, id 0, offset 0, flags [DF], proto TCP (6), length 52, bad cksum 0 (->3cc2)!)
    localhost.61798 > localhost.pcsync-https: Flags [F.], cksum 0xfe28 (incorrect -> 0xda09), seq 465, ack 2277, win 6346, options [nop,nop,TS val 2500437823 ecr 2532388260], length 0
22:49:04.873384 IP (tos 0x0, ttl 64, id 0, offset 0, flags [DF], proto TCP (6), length 52, bad cksum 0 (->3cc2)!)
    localhost.pcsync-https > localhost.61798: Flags [.], cksum 0xfe28 (incorrect -> 0xd9ec), ack 466, win 6375, options [nop,nop,TS val 2532388260 ecr 2500437823], length 0